{
    "error": 303,
    "draw": "-",
    "results": "-"
}
